// Jest Snapshot v1, https://goo.gl/fbAQLP

exports[`test Customization should match snapshot 1`] = `
<div>
  <div
    class="ant-popover-open"
  >
    <div
      class="hover:bg-slate-200 dark:hover:bg-slate-400 after:water-wave-hide active:after:water-wave-show mr-2 bg-slate-100 dark:bg-black transparent relative flex cursor-pointer items-center justify-center rounded-md bg-transparent p-2 transition-colors dark:text-white"
      data-testid="open-language-options"
    >
      <span
        aria-label="translation"
        class="anticon anticon-translation text-[1rem]"
        role="img"
      >
        <svg
          aria-hidden="true"
          data-icon="translation"
          fill="currentColor"
          focusable="false"
          height="1em"
          viewBox="64 64 896 896"
          width="1em"
        >
          <defs>
            <style />
          </defs>
          <path
            d="M140 188h584v164h76V144c0-17.7-14.3-32-32-32H96c-17.7 0-32 14.3-32 32v736c0 17.7 14.3 32 32 32h544v-76H140V188z"
          />
          <path
            d="M414.3 256h-60.6c-3.4 0-6.4 2.2-7.6 5.4L219 629.4c-.3.8-.4 1.7-.4 2.6 0 4.4 3.6 8 8 8h55.1c3.4 0 6.4-2.2 7.6-5.4L322 540h196.2L422 261.4a8.42 8.42 0 00-7.7-5.4zm12.4 228h-85.5L384 360.2 426.7 484zM936 528H800v-93c0-4.4-3.6-8-8-8h-56c-4.4 0-8 3.6-8 8v93H592c-13.3 0-24 10.7-24 24v176c0 13.3 10.7 24 24 24h136v152c0 4.4 3.6 8 8 8h56c4.4 0 8-3.6 8-8V752h136c13.3 0 24-10.7 24-24V552c0-13.3-10.7-24-24-24zM728 680h-88v-80h88v80zm160 0h-88v-80h88v80z"
          />
        </svg>
      </span>
    </div>
  </div>
</div>
`;
