// Jest Snapshot v1, https://goo.gl/fbAQLP

exports[`test Layout/Sider should match snapshot 1`] = `
<div>
  <nav
    class="sticky top-0 h-full overflow-y-auto transition-[width]"
    style="width: 60px;"
  >
    <div
      class="bg-white dark:bg-darkMode dark:text-white h-full w-full"
    >
      <div
        class="flex flex-col"
      >
        <img
          class="my-2 mx-auto h-10 w-10 cursor-pointer"
          data-testid="logo-img"
          src="/static/images/logo.svg"
          title="logo-img"
        />
        <div
          class="p-3"
        >
          <div
            class="hover:bg-slate-200 dark:hover:bg-slate-400 after:water-wave-hide active:after:water-wave-show text-xl dark:bg-darkMode transparent relative flex cursor-pointer items-center justify-center rounded-md bg-transparent p-2 transition-colors dark:text-white"
            data-testid="dashboard"
          >
            <span
              aria-label="dashboard"
              class="anticon anticon-dashboard"
              role="img"
            >
              <svg
                aria-hidden="true"
                data-icon="dashboard"
                fill="currentColor"
                focusable="false"
                height="1em"
                viewBox="64 64 896 896"
                width="1em"
              >
                <path
                  d="M924.8 385.6a446.7 446.7 0 00-96-142.4 446.7 446.7 0 00-142.4-96C631.1 123.8 572.5 112 512 112s-119.1 11.8-174.4 35.2a446.7 446.7 0 00-142.4 96 446.7 446.7 0 00-96 142.4C75.8 440.9 64 499.5 64 560c0 132.7 58.3 257.7 159.9 343.1l1.7 1.4c5.8 4.8 13.1 7.5 20.6 7.5h531.7c7.5 0 14.8-2.7 20.6-7.5l1.7-1.4C901.7 817.7 960 692.7 960 560c0-60.5-11.9-119.1-35.2-174.4zM761.4 836H262.6A371.12 371.12 0 01140 560c0-99.4 38.7-192.8 109-263 70.3-70.3 163.7-109 263-109 99.4 0 192.8 38.7 263 109 70.3 70.3 109 163.7 109 263 0 105.6-44.5 205.5-122.6 276zM623.5 421.5a8.03 8.03 0 00-11.3 0L527.7 506c-18.7-5-39.4-.2-54.1 14.5a55.95 55.95 0 000 79.2 55.95 55.95 0 0079.2 0 55.87 55.87 0 0014.5-54.1l84.5-84.5c3.1-3.1 3.1-8.2 0-11.3l-28.3-28.3zM490 320h44c4.4 0 8-3.6 8-8v-80c0-4.4-3.6-8-8-8h-44c-4.4 0-8 3.6-8 8v80c0 4.4 3.6 8 8 8zm260 218v44c0 4.4 3.6 8 8 8h80c4.4 0 8-3.6 8-8v-44c0-4.4-3.6-8-8-8h-80c-4.4 0-8 3.6-8 8zm12.7-197.2l-31.1-31.1a8.03 8.03 0 00-11.3 0l-56.6 56.6a8.03 8.03 0 000 11.3l31.1 31.1c3.1 3.1 8.2 3.1 11.3 0l56.6-56.6c3.1-3.1 3.1-8.2 0-11.3zm-458.6-31.1a8.03 8.03 0 00-11.3 0l-31.1 31.1a8.03 8.03 0 000 11.3l56.6 56.6c3.1 3.1 8.2 3.1 11.3 0l31.1-31.1c3.1-3.1 3.1-8.2 0-11.3l-56.6-56.6zM262 530h-80c-4.4 0-8 3.6-8 8v44c0 4.4 3.6 8 8 8h80c4.4 0 8-3.6 8-8v-44c0-4.4-3.6-8-8-8z"
                />
              </svg>
            </span>
          </div>
        </div>
        <div
          class="p-3"
        >
          <div
            class="hover:bg-slate-200 dark:hover:bg-slate-400 after:water-wave-hide active:after:water-wave-show text-xl dark:bg-darkMode transparent relative flex cursor-pointer items-center justify-center rounded-md bg-transparent p-2 transition-colors dark:text-white"
            data-testid="chat"
          >
            <span
              aria-label="message"
              class="anticon anticon-message"
              role="img"
            >
              <svg
                aria-hidden="true"
                data-icon="message"
                fill="currentColor"
                focusable="false"
                height="1em"
                viewBox="64 64 896 896"
                width="1em"
              >
                <path
                  d="M464 512a48 48 0 1096 0 48 48 0 10-96 0zm200 0a48 48 0 1096 0 48 48 0 10-96 0zm-400 0a48 48 0 1096 0 48 48 0 10-96 0zm661.2-173.6c-22.6-53.7-55-101.9-96.3-143.3a444.35 444.35 0 00-143.3-96.3C630.6 75.7 572.2 64 512 64h-2c-60.6.3-119.3 12.3-174.5 35.9a445.35 445.35 0 00-142 96.5c-40.9 41.3-73 89.3-95.2 142.8-23 55.4-34.6 114.3-34.3 174.9A449.4 449.4 0 00112 714v152a46 46 0 0046 46h152.1A449.4 449.4 0 00510 960h2.1c59.9 0 118-11.6 172.7-34.3a444.48 444.48 0 00142.8-95.2c41.3-40.9 73.8-88.7 96.5-142 23.6-55.2 35.6-113.9 35.9-174.5.3-60.9-11.5-120-34.8-175.6zm-151.1 438C704 845.8 611 884 512 884h-1.7c-60.3-.3-120.2-15.3-173.1-43.5l-8.4-4.5H188V695.2l-4.5-8.4C155.3 633.9 140.3 574 140 513.7c-.4-99.7 37.7-193.3 107.6-263.8 69.8-70.5 163.1-109.5 262.8-109.9h1.7c50 0 98.5 9.7 144.2 28.9 44.6 18.7 84.6 45.6 119 80 34.3 34.3 61.3 74.4 80 119 19.4 46.2 29.1 95.2 28.9 145.8-.6 99.6-39.7 192.9-110.1 262.7z"
                />
              </svg>
            </span>
          </div>
        </div>
        <div
          class="p-3"
        >
          <div
            class="hover:bg-slate-200 dark:hover:bg-slate-400 after:water-wave-hide active:after:water-wave-show text-xl dark:bg-darkMode transparent relative flex cursor-pointer items-center justify-center rounded-md bg-transparent p-2 transition-colors dark:text-white"
            data-testid="component"
          >
            <span
              aria-label="code-sandbox"
              class="anticon anticon-code-sandbox"
              role="img"
            >
              <svg
                aria-hidden="true"
                data-icon="code-sandbox"
                fill="currentColor"
                focusable="false"
                height="1em"
                viewBox="64 64 896 896"
                width="1em"
              >
                <path
                  d="M709.6 210l.4-.2h.2L512 96 313.9 209.8h-.2l.7.3L151.5 304v416L512 928l360.5-208V304l-162.9-94zM482.7 843.6L339.6 761V621.4L210 547.8V372.9l272.7 157.3v313.4zM238.2 321.5l134.7-77.8 138.9 79.7 139.1-79.9 135.2 78-273.9 158-274-158zM814 548.3l-128.8 73.1v139.1l-143.9 83V530.4L814 373.1v175.2z"
                />
              </svg>
            </span>
          </div>
        </div>
      </div>
    </div>
  </nav>
</div>
`;

exports[`test Layout/Sider should match snapshot when modified isDrawerSider 1`] = `
<div>
  <nav
    class="sticky top-0 h-full overflow-y-auto transition-[width]"
    style="width: 0px;"
  />
</div>
`;

exports[`test Layout/Sider should match snapshot when modified isExpandSider 1`] = `
<div>
  <nav
    class="sticky top-0 h-full overflow-y-auto transition-[width]"
    style="width: 260px;"
  >
    <div
      class="bg-white dark:bg-darkMode dark:text-white h-full w-full"
    >
      <div
        class="flex flex-col"
      >
        <div
          class="flex h-14 items-center pl-4"
        >
          <img
            class="mr-3"
            src="/static/images/logo.svg"
            title="logo"
          />
          <span
            class="text-2xl text-black dark:text-white"
          >
            login.loginHeader.title
          </span>
        </div>
        <ul
          class="ant-menu ant-menu-root ant-menu-inline ant-menu-light theme-menu text-base"
          data-menu-list="true"
          role="menu"
          tabindex="0"
        >
          <li
            class="ant-menu-item"
            data-menu-id="rc-menu-uuid-test-/dashboard"
            role="menuitem"
            style="padding-left: 24px;"
            tabindex="-1"
          >
            <span
              aria-label="dashboard"
              class="anticon anticon-dashboard ant-menu-item-icon"
              role="img"
            >
              <svg
                aria-hidden="true"
                data-icon="dashboard"
                fill="currentColor"
                focusable="false"
                height="1em"
                viewBox="64 64 896 896"
                width="1em"
              >
                <path
                  d="M924.8 385.6a446.7 446.7 0 00-96-142.4 446.7 446.7 0 00-142.4-96C631.1 123.8 572.5 112 512 112s-119.1 11.8-174.4 35.2a446.7 446.7 0 00-142.4 96 446.7 446.7 0 00-96 142.4C75.8 440.9 64 499.5 64 560c0 132.7 58.3 257.7 159.9 343.1l1.7 1.4c5.8 4.8 13.1 7.5 20.6 7.5h531.7c7.5 0 14.8-2.7 20.6-7.5l1.7-1.4C901.7 817.7 960 692.7 960 560c0-60.5-11.9-119.1-35.2-174.4zM761.4 836H262.6A371.12 371.12 0 01140 560c0-99.4 38.7-192.8 109-263 70.3-70.3 163.7-109 263-109 99.4 0 192.8 38.7 263 109 70.3 70.3 109 163.7 109 263 0 105.6-44.5 205.5-122.6 276zM623.5 421.5a8.03 8.03 0 00-11.3 0L527.7 506c-18.7-5-39.4-.2-54.1 14.5a55.95 55.95 0 000 79.2 55.95 55.95 0 0079.2 0 55.87 55.87 0 0014.5-54.1l84.5-84.5c3.1-3.1 3.1-8.2 0-11.3l-28.3-28.3zM490 320h44c4.4 0 8-3.6 8-8v-80c0-4.4-3.6-8-8-8h-44c-4.4 0-8 3.6-8 8v80c0 4.4 3.6 8 8 8zm260 218v44c0 4.4 3.6 8 8 8h80c4.4 0 8-3.6 8-8v-44c0-4.4-3.6-8-8-8h-80c-4.4 0-8 3.6-8 8zm12.7-197.2l-31.1-31.1a8.03 8.03 0 00-11.3 0l-56.6 56.6a8.03 8.03 0 000 11.3l31.1 31.1c3.1 3.1 8.2 3.1 11.3 0l56.6-56.6c3.1-3.1 3.1-8.2 0-11.3zm-458.6-31.1a8.03 8.03 0 00-11.3 0l-31.1 31.1a8.03 8.03 0 000 11.3l56.6 56.6c3.1 3.1 8.2 3.1 11.3 0l31.1-31.1c3.1-3.1 3.1-8.2 0-11.3l-56.6-56.6zM262 530h-80c-4.4 0-8 3.6-8 8v44c0 4.4 3.6 8 8 8h80c4.4 0 8-3.6 8-8v-44c0-4.4-3.6-8-8-8z"
                />
              </svg>
            </span>
            <span
              class="ant-menu-title-content"
            >
              router.title.dashboard
            </span>
          </li>
          <li
            class="ant-menu-item"
            data-menu-id="rc-menu-uuid-test-/chat"
            role="menuitem"
            style="padding-left: 24px;"
            tabindex="-1"
          >
            <span
              aria-label="message"
              class="anticon anticon-message ant-menu-item-icon"
              role="img"
            >
              <svg
                aria-hidden="true"
                data-icon="message"
                fill="currentColor"
                focusable="false"
                height="1em"
                viewBox="64 64 896 896"
                width="1em"
              >
                <path
                  d="M464 512a48 48 0 1096 0 48 48 0 10-96 0zm200 0a48 48 0 1096 0 48 48 0 10-96 0zm-400 0a48 48 0 1096 0 48 48 0 10-96 0zm661.2-173.6c-22.6-53.7-55-101.9-96.3-143.3a444.35 444.35 0 00-143.3-96.3C630.6 75.7 572.2 64 512 64h-2c-60.6.3-119.3 12.3-174.5 35.9a445.35 445.35 0 00-142 96.5c-40.9 41.3-73 89.3-95.2 142.8-23 55.4-34.6 114.3-34.3 174.9A449.4 449.4 0 00112 714v152a46 46 0 0046 46h152.1A449.4 449.4 0 00510 960h2.1c59.9 0 118-11.6 172.7-34.3a444.48 444.48 0 00142.8-95.2c41.3-40.9 73.8-88.7 96.5-142 23.6-55.2 35.6-113.9 35.9-174.5.3-60.9-11.5-120-34.8-175.6zm-151.1 438C704 845.8 611 884 512 884h-1.7c-60.3-.3-120.2-15.3-173.1-43.5l-8.4-4.5H188V695.2l-4.5-8.4C155.3 633.9 140.3 574 140 513.7c-.4-99.7 37.7-193.3 107.6-263.8 69.8-70.5 163.1-109.5 262.8-109.9h1.7c50 0 98.5 9.7 144.2 28.9 44.6 18.7 84.6 45.6 119 80 34.3 34.3 61.3 74.4 80 119 19.4 46.2 29.1 95.2 28.9 145.8-.6 99.6-39.7 192.9-110.1 262.7z"
                />
              </svg>
            </span>
            <span
              class="ant-menu-title-content"
            >
              router.title.chat
            </span>
          </li>
          <li
            class="ant-menu-submenu ant-menu-submenu-inline"
            role="none"
          >
            <div
              aria-controls="rc-menu-uuid-test-/component-popup"
              aria-expanded="false"
              aria-haspopup="true"
              class="ant-menu-submenu-title"
              data-menu-id="rc-menu-uuid-test-/component"
              role="menuitem"
              style="padding-left: 24px;"
              tabindex="-1"
            >
              <span
                aria-label="code-sandbox"
                class="anticon anticon-code-sandbox ant-menu-item-icon"
                role="img"
              >
                <svg
                  aria-hidden="true"
                  data-icon="code-sandbox"
                  fill="currentColor"
                  focusable="false"
                  height="1em"
                  viewBox="64 64 896 896"
                  width="1em"
                >
                  <path
                    d="M709.6 210l.4-.2h.2L512 96 313.9 209.8h-.2l.7.3L151.5 304v416L512 928l360.5-208V304l-162.9-94zM482.7 843.6L339.6 761V621.4L210 547.8V372.9l272.7 157.3v313.4zM238.2 321.5l134.7-77.8 138.9 79.7 139.1-79.9 135.2 78-273.9 158-274-158zM814 548.3l-128.8 73.1v139.1l-143.9 83V530.4L814 373.1v175.2z"
                  />
                </svg>
              </span>
              <span
                class="ant-menu-title-content"
              >
                router.title.component
              </span>
              <i
                class="ant-menu-submenu-arrow"
              />
            </div>
          </li>
        </ul>
        <div
          aria-hidden="true"
          style="display: none;"
        />
      </div>
    </div>
  </nav>
</div>
`;
