// Jest Snapshot v1, https://goo.gl/fbAQLP

exports[`test UserNavigationTabWrapper should match snapshot 1`] = `
<div>
  <div
    class="flex flex-col"
  >
    <div
      class="flex cursor-pointer items-center rounded-sm px-4 py-2 transition-[background] hover:bg-slate-200 dark:text-white dark:hover:bg-slate-500"
    >
      icon1
      <div
        class="ml-4"
      >
        text1
      </div>
    </div>
  </div>
</div>
`;
