// Jest Snapshot v1, https://goo.gl/fbAQLP

exports[`test Notification should match snapshot 1`] = `
<div>
  <div
    class="hover:bg-slate-200 dark:hover:bg-slate-400 after:water-wave-hide active:after:water-wave-show mr-2 bg-slate-100 dark:bg-black ant-popover-open transparent relative flex cursor-pointer items-center justify-center rounded-md bg-transparent p-2 transition-colors dark:text-white"
    data-testid="popover-switch-icon"
  >
    <span
      class="ant-badge ant-badge-status leading-[0.875rem]"
    >
      <span
        class="dark:text-white"
      >
        <span
          aria-label="bell"
          class="anticon anticon-bell text-[1rem]"
          role="img"
        >
          <svg
            aria-hidden="true"
            data-icon="bell"
            fill="currentColor"
            focusable="false"
            height="1em"
            viewBox="64 64 896 896"
            width="1em"
          >
            <path
              d="M816 768h-24V428c0-141.1-104.3-257.7-240-277.1V112c0-22.1-17.9-40-40-40s-40 17.9-40 40v38.9c-135.7 19.4-240 136-240 277.1v340h-24c-17.7 0-32 14.3-32 32v32c0 4.4 3.6 8 8 8h216c0 61.8 50.2 112 112 112s112-50.2 112-112h216c4.4 0 8-3.6 8-8v-32c0-17.7-14.3-32-32-32zM512 888c-26.5 0-48-21.5-48-48h96c0 26.5-21.5 48-48 48zM304 768V428c0-55.6 21.6-107.8 60.9-147.1S456.4 220 512 220c55.6 0 107.8 21.6 147.1 60.9S720 372.4 720 428v340H304z"
            />
          </svg>
        </span>
      </span>
      <sup
        class="ant-scroll-number ant-badge-count ant-badge-count-sm"
        data-show="true"
        style="margin-top: 2px; right: 0px; background: rgb(24, 144, 255);"
        title="2"
      >
        <span
          class="ant-scroll-number-only"
          style="transition: none;"
        >
          <span
            class="ant-scroll-number-only-unit current"
          >
            2
          </span>
        </span>
      </sup>
    </span>
  </div>
</div>
`;
